
> find-a-day@1.0.0 test
> react-scripts test src/utils/overlap.test.js --watchAll=false

node.exe : PASS src/utils/overlap.test.js
At line:1 char:1
+ & "C:\Program Files\nodejs/node.exe" "C:\Program 
Files\nodejs/node_mo ...
+ ~~~~~~~~~~~~~~~~~~~~~~~~~~~~~~~~~~~~~~~~~~~~~~~~~
~~~~~~~~~~~~~~~~~~~~
    + CategoryInfo          : NotSpecified: (PASS  
   src/utils/overlap.test.js:String) [], RemoteEx  
  ception
    + FullyQualifiedErrorId : NativeCommandError
 
  getDatesBetween
    ÔêÜ returns all dates in a range (inclusive) 
(2 ms)
    ÔêÜ returns single date when start equals end
    ÔêÜ returns empty array when start > end
    ÔêÜ handles month boundaries
    ÔêÜ handles year boundaries
    ÔêÜ handles leap year Feb 29
    ÔêÜ handles non-leap year Feb (1 ms)
  calculateOverlap
    ÔêÜ returns empty when duration > total days 
in range
    ÔêÜ returns empty when no participants
    ÔêÜ returns empty when participants is null
    ÔêÜ returns empty when participants is 
undefined
    ÔêÜ calculates 100% overlap when all 
participants available for entire range (1 ms)
    ÔêÜ calculates partial overlap correctly
    ÔêÜ returns 0% when no participant has 
availability
    ÔêÜ results are sorted by availabilityPercent 
descending
    ÔêÜ handles single-day duration
    ÔêÜ handles participant with no availableDays 
field
    ÔêÜ handles participant with empty 
availableDays array
    ÔêÜ day count matches requested duration
    ÔêÜ totalParticipants reflects actual count
    ÔêÜ date mutation bug: countAvailable iterates 
via setDate on loop variable (1 ms)
    ÔêÜ large number of participants
    ÔêÜ long date range performance (30 days)
  getBestOverlapPeriods
    ÔêÜ returns top N results
    ÔêÜ defaults to 5 results
    ÔêÜ returns all if fewer than limit
    ÔêÜ returns empty for empty input (1 ms)
    ÔêÜ filters out zero availability periods
  formatDateRange
    ÔêÜ formats same-month range (10 ms)
    ÔêÜ formats cross-month range
    ÔêÜ formats same day range

Test Suites: 1 passed, 1 total
Tests:       31 passed, 31 total
Snapshots:   0 total
Time:        1.161 s
Ran all test suites matching 
/src\\utils\\overlap.test.js/i.
