
> vacation-scheduler@1.0.0 test
> react-scripts test src/components/SlidingOverlapCalendar.test.js --watchAll=false

node.exe : FAIL src/components/SlidingOverlapCalendar.test.js
At line:1 char:1
+ & "C:\Program Files\nodejs/node.exe" "C:\Program Files\nodejs/node_mo 
...
+ ~~~~~~~~~~~~~~~~~~~~~~~~~~~~~~~~~~~~~~~~~~~~~~~~~~~~~~~~~~~~~~~~~~~~~
    + CategoryInfo          : NotSpecified: (FAIL src/compon...alendar.te 
   st.js:String) [], RemoteException
    + FullyQualifiedErrorId : NativeCommandError
 
  SlidingOverlapCalendar Edge Cases
    ├ù renders gracefully with empty participants (52 ms)
    ├ù handles duration input changes properly, avoiding impossible 
extremes (14 ms)
    ÔêÜ shows "Everyone can make it" when all participants are fully 
available for a block (29 ms)
    ÔêÜ shows "Missing X days" when participants have partial overlap (12 
ms)

  ÔùÅ SlidingOverlapCalendar Edge Cases ÔÇ║ renders gracefully with empty 
participants

    TestingLibraryElementError: Unable to find an element with the text: 
Missing 3 days. This could be because the text is broken up by multiple 
elements. In this case, you can provide a function for your text matcher 
to make your matcher more flexible.

    Ignored nodes: comments, script, style
    [36m<body>[39m
      [36m<div>[39m
        [36m<div[39m
          [33mclass[39m=[32m"bg-white rounded-lg shadow-lg flex 
flex-col md:flex-row overflow-hidden border border-gray-200"[39m
        [36m>[39m
          [36m<div[39m
            [33mclass[39m=[32m"w-full md:w-[60%] p-6 border-b 
md:border-b-0 md:border-r border-gray-200 bg-gray-50/50"[39m
          [36m>[39m
            [36m<div[39m
              [33mclass[39m=[32m"flex justify-between items-center 
mb-6"[39m
            [36m>[39m
              [36m<div[39m
                [33mclass[39m=[32m"flex items-center gap-2"[39m
              [36m>[39m
                [36m<svg[39m
                  [33mclass[39m=[32m"text-indigo-600"[39m
                  [33mfill[39m=[32m"none"[39m
                  [33mheight[39m=[32m"24"[39m
                  [33mstroke[39m=[32m"currentColor"[39m
                  [33mstroke-linecap[39m=[32m"round"[39m
                  [33mstroke-linejoin[39m=[32m"round"[39m
                  [33mstroke-width[39m=[32m"2"[39m
                  [33mviewBox[39m=[32m"0 0 24 24"[39m
                  [33mwidth[39m=[32m"24"[39m
                  [33mxmlns[39m=[32m"http://www.w3.org/2000/svg"[39m
                [36m>[39m
                  [36m<rect[39m
                    [33mheight[39m=[32m"18"[39m
                    [33mrx[39m=[32m"2"[39m
                    [33mry[39m=[32m"2"[39m
                    [33mwidth[39m=[32m"18"[39m
                    [33mx[39m=[32m"3"[39m
                    [33my[39m=[32m"4"[39m
                  [36m/>[39m
                  [36m<line[39m
                    [33mx1[39m=[32m"16"[39m
                    [33mx2[39m=[32m"16"[39m
                    [33my1[39m=[32m"2"[39m
                    [33my2[39m=[32m"6"[39m
                  [36m/>[39m
                  [36m<line[39m
                    [33mx1[39m=[32m"8"[39m
                    [33mx2[39m=[32m"8"[39m
                    [33my1[39m=[32m"2"[39m
                    [33my2[39m=[32m"6"[39m
                  [36m/>[39m
                  [36m<line[39m
                    [33mx1[39m=[32m"3"[39m
                    [33mx2[39m=[32m"21"[39m
                    [33my1[39m=[32m"10"[39m
                    [33my2[39m=[32m"10"[39m
                  [36m/>[39m
                [36m</svg>[39m
                [36m<h3[39m
                  [33mclass[39m=[32m"text-xl font-bold 
text-gray-800"[39m
                [36m>[39m
                  [0mAvailability Heatmap[0m
                [36m</h3>[39m
              [36m</div>[39m
              [36m<div[39m
                [33mclass[39m=[32m"text-sm text-gray-500 font-medium 
bg-white px-3 py-1 rounded-full border border-gray-200 shadow-sm"[39m
              [36m>[39m
                [0m3[0m
                [0m-Day Period[0m
              [36m</div>[39m
            [36m</div>[39m
            [36m<div[39m
              [33mclass[39m=[32m"bg-white rounded-xl border 
border-gray-200 p-4 shadow-sm"[39m
            [36m>[39m
              [36m<div[39m
                [33mclass[39m=[32m"flex justify-between items-center 
mb-4"[39m
              [36m>[39m
                [36m<button[39m
                  [33mclass[39m=[32m"px-3 py-1.5 bg-gray-100 
hover:bg-gray-200 rounded-md text-sm font-semibold text-gray-700 
transition"[39m
                [36m>[39m
                  [0mÔåÉ Prev[0m
                [36m</button>[39m
                [36m<h4[39m
                  [33mclass[39m=[32m"text-lg font-bold 
text-gray-800"[39m
                [36m>[39m
                  [0mMarch 2026[0m
                [36m</h4>[39m
                [36m<button[39m
                  [33mclass[39m=[32m"px-3 py-1.5 bg-gray-100 
hover:bg-gray-200 rounded-md text-sm font-semibold text-gray-700 
transition"[39m
                [36m>[39m
                  [0mNext ÔåÆ[0m
                [36m</button>[39m
              [36m</div>[39m
              [36m<div[39m
                [33mclass[39m=[32m"grid grid-cols-7 gap-1 md:gap-2 
mb-2"[39m
              [36m>[39m
                [36m<div[39m
                  [33mclass[39m=[32m"text-center font-bold 
text-gray-500 text-xs py-2 uppercase tracking-wider"[39m
                [36m>[39m
                  [0mSun[0m
                [36m</div>[39m
                [36m<div[39m
                  [33mclass[39m=[32m"text-center font-bold 
text-gray-500 text-xs py-2 uppercase tracking-wider"[39m
                [36m>[39m
                  [0mMon[0m
                [36m</div>[39m
                [36m<div[39m
                  [33mclass[39m=[32m"text-center font-bold 
text-gray-500 text-xs py-2 uppercase tracking-wider"[39m
                [36m>[39m
                  [0mTue[0m
                [36m</div>[39m
                [36m<div[39m
                  [33mclass[39m=[32m"text-center font-bold 
text-gray-500 text-xs py-2 uppercase tracking-wider"[39m
                [36m>[39m
                  [0mWed[0m
                [36m</div>[39m
                [36m<div[39m
                  [33mclass[39m=[32m"text-center font-bold 
text-gray-500 text-xs py-2 uppercase tracking-wider"[39m
                [36m>[39m
                  [0mThu[0m
                [36m</div>[39m
                [36m<div[39m
                  [33mclass[39m=[32m"text-center font-bold 
text-gray-500 text-xs py-2 uppercase tracking-wider"[39m
                [36m>[39m
                  [0mFri[0m
                [36m</div>[39m
                [36m<div[39m
                  [33mclass[39m=[32m"text-center font-bold 
text-gray-500 text-xs py-2 uppercase tracking-wider"[39m
                [36m>[39m
                  [0mSat[0m
                [36m</div>[39m
                [36m<div[39m
                  [33mclass[39m=[32m"relative aspect-square"[39m
                [36m>[39m
                  [36m<button[39m
                    [33mclass[39m=[32m"
                            w-full h-full rounded-lg transition-all 
duration-200 flex flex-col items-center justify-center gap-1
                             cursor-pointer hover:ring-2 
hover:ring-indigo-400 hover:ring-offset-1
                             ring-2 ring-indigo-600 shadow-md transform 
scale-[1.02] z-10
                             
                             bg-indigo-600 text-white font-bold
                          "[39m
                    [33mdata-testid[39m=[32m"day-2026-03-01"[39m
                  [36m>[39m
                    [36m<span[39m
                      [33mclass[39m=[32m"text-sm md:text-base"[39m
                    [36m>[39m
                      [0m1[0m
                    [36m</span>[39m
                  [36m</button>[39m
                  [36m<div[39m
                    [33mclass[39m=[32m"absolute top-1/2 -right-1 
md:-right-2 w-2 md:w-4 h-8 -translate-y-1/2 bg-indigo-600 z-0"[39m
                  [36m/>[39m
                [36m</div>[39m
                [36m<div[39m
                  [33mclass[39m=[32m"relative aspect-square"[39m
                [36m>[39m
                  [36m<button[39m
                    [33mclass[39m=[32m"
                            w-full h-full rounded-lg transition-all 
duration-200 flex flex-col items-center justify-center gap-1
                             cursor-pointer hover:ring-2 
hover:ring-indigo-400 hover:ring-offset-1
                             ring-2 ring-indigo-60...

    [0m [90m 28 |[39m         [36mconst[39m dayBtn [33m=[39m 
screen[33m.[39mgetByTestId([32m'day-2026-03-01'[39m)[33m;[39m
     [90m 29 |[39m         
fireEvent[33m.[39mmouseEnter(dayBtn)[33m;[39m
    [31m[1m>[22m[39m[90m 30 |[39m         
expect(screen[33m.[39mgetByText([32m'Missing 3 
days'[39m))[33m.[39mtoBeInTheDocument()[33m;[39m [90m// Because no 
availability means 0 days available[39m
     [90m    |[39m                       [31m[1m^[22m[39m
     [90m 31 |[39m     })[33m;[39m
     [90m 32 |[39m
     [90m 33 |[39m     test([32m'handles duration input changes 
properly, avoiding impossible extremes'[39m[33m,[39m () [33m=>[39m 
{[0m

      at Object.getElementError 
(node_modules/@testing-library/dom/dist/config.js:37:19)
      at node_modules/@testing-library/dom/dist/query-helpers.js:76:38
      at node_modules/@testing-library/dom/dist/query-helpers.js:52:17
      at getByText 
(node_modules/@testing-library/dom/dist/query-helpers.js:95:19)
      at Object.<anonymous> 
(src/components/SlidingOverlapCalendar.test.js:30:23)
      at TestScheduler.scheduleTests 
(node_modules/@jest/core/build/TestScheduler.js:333:13)
      at runJest (node_modules/@jest/core/build/runJest.js:404:19)
      at _run10000 (node_modules/@jest/core/build/cli/index.js:320:7)
      at runCLI (node_modules/@jest/core/build/cli/index.js:173:3)

  ÔùÅ SlidingOverlapCalendar Edge Cases ÔÇ║ handles duration input 
changes properly, avoiding impossible extremes

    expect(jest.fn()).toHaveBeenCalledWith(...expected)

    Expected: "5"

    Number of calls: 0

    [0m [90m 54 |[39m         [90m// Change to valid number[39m
     [90m 55 |[39m         fireEvent[33m.[39mchange(input[33m,[39m 
{ target[33m:[39m { value[33m:[39m [32m'5'[39m } })[33m;[39m
    [31m[1m>[22m[39m[90m 56 |[39m         expect(mockOnDurationChang
e)[33m.[39mtoHaveBeenCalledWith([32m'5'[39m)[33m;[39m
     [90m    |[39m                                      
[31m[1m^[22m[39m
     [90m 57 |[39m     })[33m;[39m
     [90m 58 |[39m
     [90m 59 |[39m     test([32m'shows "Everyone can make it" when all 
participants are fully available for a block'[39m[33m,[39m () 
[33m=>[39m {[0m

      at Object.<anonymous> 
(src/components/SlidingOverlapCalendar.test.js:56:38)
      at TestScheduler.scheduleTests 
(node_modules/@jest/core/build/TestScheduler.js:333:13)
      at runJest (node_modules/@jest/core/build/runJest.js:404:19)
      at _run10000 (node_modules/@jest/core/build/cli/index.js:320:7)
      at runCLI (node_modules/@jest/core/build/cli/index.js:173:3)

Test Suites: 1 failed, 1 total
Tests:       2 failed, 2 passed, 4 total
Snapshots:   0 total
Time:        1.26 s
Ran all test suites matching 
/src\\components\\SlidingOverlapCalendar.test.js/i.
